Archive member included to satisfy reference by file (symbol)

c:/st/stm32cubeide_1.11.0/stm32cubeide/plugins/com.st.stm32cube.ide.mcu.externaltools.gnu-tools-for-stm32.10.3-2021.10.win32_1.0.100.202210260954/tools/bin/../lib/gcc/arm-none-eabi/10.3.1/../../../../arm-none-eabi/lib/thumb/v7e-m+fp/hard\libc_nano.a(lib_a-errno.o)
                              ./Core/Src/syscalls.o (__errno)
c:/st/stm32cubeide_1.11.0/stm32cubeide/plugins/com.st.stm32cube.ide.mcu.externaltools.gnu-tools-for-stm32.10.3-2021.10.win32_1.0.100.202210260954/tools/bin/../lib/gcc/arm-none-eabi/10.3.1/../../../../arm-none-eabi/lib/thumb/v7e-m+fp/hard\libc_nano.a(lib_a-exit.o)
                              c:/st/stm32cubeide_1.11.0/stm32cubeide/plugins/com.st.stm32cube.ide.mcu.externaltools.gnu-tools-for-stm32.10.3-2021.10.win32_1.0.100.202210260954/tools/bin/../lib/gcc/arm-none-eabi/10.3.1/../../../../arm-none-eabi/lib/thumb/v7e-m+fp/hard/crt0.o (exit)
c:/st/stm32cubeide_1.11.0/stm32cubeide/plugins/com.st.stm32cube.ide.mcu.externaltools.gnu-tools-for-stm32.10.3-2021.10.win32_1.0.100.202210260954/tools/bin/../lib/gcc/arm-none-eabi/10.3.1/../../../../arm-none-eabi/lib/thumb/v7e-m+fp/hard\libc_nano.a(lib_a-impure.o)
                              c:/st/stm32cubeide_1.11.0/stm32cubeide/plugins/com.st.stm32cube.ide.mcu.externaltools.gnu-tools-for-stm32.10.3-2021.10.win32_1.0.100.202210260954/tools/bin/../lib/gcc/arm-none-eabi/10.3.1/../../../../arm-none-eabi/lib/thumb/v7e-m+fp/hard\libc_nano.a(lib_a-exit.o) (_global_impure_ptr)
c:/st/stm32cubeide_1.11.0/stm32cubeide/plugins/com.st.stm32cube.ide.mcu.externaltools.gnu-tools-for-stm32.10.3-2021.10.win32_1.0.100.202210260954/tools/bin/../lib/gcc/arm-none-eabi/10.3.1/../../../../arm-none-eabi/lib/thumb/v7e-m+fp/hard\libc_nano.a(lib_a-init.o)
                              c:/st/stm32cubeide_1.11.0/stm32cubeide/plugins/com.st.stm32cube.ide.mcu.externaltools.gnu-tools-for-stm32.10.3-2021.10.win32_1.0.100.202210260954/tools/bin/../lib/gcc/arm-none-eabi/10.3.1/../../../../arm-none-eabi/lib/thumb/v7e-m+fp/hard/crt0.o (__libc_init_array)
c:/st/stm32cubeide_1.11.0/stm32cubeide/plugins/com.st.stm32cube.ide.mcu.externaltools.gnu-tools-for-stm32.10.3-2021.10.win32_1.0.100.202210260954/tools/bin/../lib/gcc/arm-none-eabi/10.3.1/../../../../arm-none-eabi/lib/thumb/v7e-m+fp/hard\libc_nano.a(lib_a-memset.o)
                              c:/st/stm32cubeide_1.11.0/stm32cubeide/plugins/com.st.stm32cube.ide.mcu.externaltools.gnu-tools-for-stm32.10.3-2021.10.win32_1.0.100.202210260954/tools/bin/../lib/gcc/arm-none-eabi/10.3.1/../../../../arm-none-eabi/lib/thumb/v7e-m+fp/hard/crt0.o (memset)
c:/st/stm32cubeide_1.11.0/stm32cubeide/plugins/com.st.stm32cube.ide.mcu.externaltools.gnu-tools-for-stm32.10.3-2021.10.win32_1.0.100.202210260954/tools/bin/../lib/gcc/arm-none-eabi/10.3.1/thumb/v7e-m+fp/hard\libgcc.a(_aeabi_uldivmod.o)
                              ./Drivers/STM32F4xx_HAL_Driver/Src/stm32f4xx_hal_rcc.o (__aeabi_uldivmod)
c:/st/stm32cubeide_1.11.0/stm32cubeide/plugins/com.st.stm32cube.ide.mcu.externaltools.gnu-tools-for-stm32.10.3-2021.10.win32_1.0.100.202210260954/tools/bin/../lib/gcc/arm-none-eabi/10.3.1/thumb/v7e-m+fp/hard\libgcc.a(_udivmoddi4.o)
                              c:/st/stm32cubeide_1.11.0/stm32cubeide/plugins/com.st.stm32cube.ide.mcu.externaltools.gnu-tools-for-stm32.10.3-2021.10.win32_1.0.100.202210260954/tools/bin/../lib/gcc/arm-none-eabi/10.3.1/thumb/v7e-m+fp/hard\libgcc.a(_aeabi_uldivmod.o) (__udivmoddi4)
c:/st/stm32cubeide_1.11.0/stm32cubeide/plugins/com.st.stm32cube.ide.mcu.externaltools.gnu-tools-for-stm32.10.3-2021.10.win32_1.0.100.202210260954/tools/bin/../lib/gcc/arm-none-eabi/10.3.1/thumb/v7e-m+fp/hard\libgcc.a(_dvmd_tls.o)
                              c:/st/stm32cubeide_1.11.0/stm32cubeide/plugins/com.st.stm32cube.ide.mcu.externaltools.gnu-tools-for-stm32.10.3-2021.10.win32_1.0.100.202210260954/tools/bin/../lib/gcc/arm-none-eabi/10.3.1/thumb/v7e-m+fp/hard\libgcc.a(_aeabi_uldivmod.o) (__aeabi_ldiv0)

Discarded input sections

 .text          0x0000000000000000        0x0 c:/st/stm32cubeide_1.11.0/stm32cubeide/plugins/com.st.stm32cube.ide.mcu.externaltools.gnu-tools-for-stm32.10.3-2021.10.win32_1.0.100.202210260954/tools/bin/../lib/gcc/arm-none-eabi/10.3.1/thumb/v7e-m+fp/hard/crti.o
 .data          0x0000000000000000        0x0 c:/st/stm32cubeide_1.11.0/stm32cubeide/plugins/com.st.stm32cube.ide.mcu.externaltools.gnu-tools-for-stm32.10.3-2021.10.win32_1.0.100.202210260954/tools/bin/../lib/gcc/arm-none-eabi/10.3.1/thumb/v7e-m+fp/hard/crti.o
 .bss           0x0000000000000000        0x0 c:/st/stm32cubeide_1.11.0/stm32cubeide/plugins/com.st.stm32cube.ide.mcu.externaltools.gnu-tools-for-stm32.10.3-2021.10.win32_1.0.100.202210260954/tools/bin/../lib/gcc/arm-none-eabi/10.3.1/thumb/v7e-m+fp/hard/crti.o
[...]
Memory Configuration

Name             Origin             Length             Attributes
RAM              0x0000000020000000 0x0000000000018000 xrw
FLASH            0x0000000008000000 0x0000000000080000 xr
*default*        0x0000000000000000 0xffffffffffffffff

Linker script and memory map

LOAD c:/st/stm32cubeide_1.11.0/stm32cubeide/plugins/com.st.stm32cube.ide.mcu.externaltools.gnu-tools-for-stm32.10.3-2021.10.win32_1.0.100.202210260954/tools/bin/../lib/gcc/arm-none-eabi/10.3.1/thumb/v7e-m+fp/hard/crti.o
LOAD c:/st/stm32cubeide_1.11.0/stm32cubeide/plugins/com.st.stm32cube.ide.mcu.externaltools.gnu-tools-for-stm32.10.3-2021.10.win32_1.0.100.202210260954/tools/bin/../lib/gcc/arm-none-eabi/10.3.1/thumb/v7e-m+fp/hard/crtbegin.o
LOAD c:/st/stm32cubeide_1.11.0/stm32cubeide/plugins/com.st.stm32cube.ide.mcu.externaltools.gnu-tools-for-stm32.10.3-2021.10.win32_1.0.100.202210260954/tools/bin/../lib/gcc/arm-none-eabi/10.3.1/../../../../arm-none-eabi/lib/thumb/v7e-m+fp/hard/crt0.o
LOAD ./Core/Src/CANSPI.o
LOAD ./Core/Src/MCP2515.o
LOAD ./Core/Src/accel.o
LOAD ./Core/Src/gpio.o
LOAD ./Core/Src/i2c.o
LOAD ./Core/Src/lis331dlh_reg.o
LOAD ./Core/Src/main.o
LOAD ./Core/Src/spi.o
LOAD ./Core/Src/stm32f4xx_hal_msp.o
LOAD ./Core/Src/stm32f4xx_it.o
LOAD ./Core/Src/syscalls.o
LOAD ./Core/Src/sysmem.o
LOAD ./Core/Src/system_stm32f4xx.o
LOAD ./Core/Startup/startup_stm32f401retx.o
LOAD ./Drivers/STM32F4xx_HAL_Driver/Src/stm32f4xx_hal.o
LOAD ./Drivers/STM32F4xx_HAL_Driver/Src/stm32f4xx_hal_cortex.o
LOAD ./Drivers/STM32F4xx_HAL_Driver/Src/stm32f4xx_hal_dma.o
LOAD ./Drivers/STM32F4xx_HAL_Driver/Src/stm32f4xx_hal_dma_ex.o
LOAD ./Drivers/STM32F4xx_HAL_Driver/Src/stm32f4xx_hal_exti.o
LOAD ./Drivers/STM32F4xx_HAL_Driver/Src/stm32f4xx_hal_flash.o
LOAD ./Drivers/STM32F4xx_HAL_Driver/Src/stm32f4xx_hal_flash_ex.o
LOAD ./Drivers/STM32F4xx_HAL_Driver/Src/stm32f4xx_hal_flash_ramfunc.o
LOAD ./Drivers/STM32F4xx_HAL_Driver/Src/stm32f4xx_hal_gpio.o
LOAD ./Drivers/STM32F4xx_HAL_Driver/Src/stm32f4xx_hal_i2c.o
LOAD ./Drivers/STM32F4xx_HAL_Driver/Src/stm32f4xx_hal_i2c_ex.o
LOAD ./Drivers/STM32F4xx_HAL_Driver/Src/stm32f4xx_hal_pwr.o
LOAD ./Drivers/STM32F4xx_HAL_Driver/Src/stm32f4xx_hal_pwr_ex.o
LOAD ./Drivers/STM32F4xx_HAL_Driver/Src/stm32f4xx_hal_rcc.o
LOAD ./Drivers/STM32F4xx_HAL_Driver/Src/stm32f4xx_hal_rcc_ex.o
LOAD ./Drivers/STM32F4xx_HAL_Driver/Src/stm32f4xx_hal_spi.o
LOAD ./Drivers/STM32F4xx_HAL_Driver/Src/stm32f4xx_hal_tim.o
LOAD ./Drivers/STM32F4xx_HAL_Driver/Src/stm32f4xx_hal_tim_ex.o
START GROUP
LOAD c:/st/stm32cubeide_1.11.0/stm32cubeide/plugins/com.st.stm32cube.ide.mcu.externaltools.gnu-tools-for-stm32.10.3-2021.10.win32_1.0.100.202210260954/tools/bin/../lib/gcc/arm-none-eabi/10.3.1/../../../../arm-none-eabi/lib/thumb/v7e-m+fp/hard\libc_nano.a
LOAD c:/st/stm32cubeide_1.11.0/stm32cubeide/plugins/com.st.stm32cube.ide.mcu.externaltools.gnu-tools-for-stm32.10.3-2021.10.win32_1.0.100.202210260954/tools/bin/../lib/gcc/arm-none-eabi/10.3.1/../../../../arm-none-eabi/lib/thumb/v7e-m+fp/hard\libm.a
END GROUP
START GROUP
LOAD c:/st/stm32cubeide_1.11.0/stm32cubeide/plugins/com.st.stm32cube.ide.mcu.externaltools.gnu-tools-for-stm32.10.3-2021.10.win32_1.0.100.202210260954/tools/bin/../lib/gcc/arm-none-eabi/10.3.1/thumb/v7e-m+fp/hard\libgcc.a
LOAD c:/st/stm32cubeide_1.11.0/stm32cubeide/plugins/com.st.stm32cube.ide.mcu.externaltools.gnu-tools-for-stm32.10.3-2021.10.win32_1.0.100.202210260954/tools/bin/../lib/gcc/arm-none-eabi/10.3.1/../../../../arm-none-eabi/lib/thumb/v7e-m+fp/hard\libc_nano.a
END GROUP
START GROUP
LOAD c:/st/stm32cubeide_1.11.0/stm32cubeide/plugins/com.st.stm32cube.ide.mcu.externaltools.gnu-tools-for-stm32.10.3-2021.10.win32_1.0.100.202210260954/tools/bin/../lib/gcc/arm-none-eabi/10.3.1/thumb/v7e-m+fp/hard\libgcc.a
LOAD c:/st/stm32cubeide_1.11.0/stm32cubeide/plugins/com.st.stm32cube.ide.mcu.externaltools.gnu-tools-for-stm32.10.3-2021.10.win32_1.0.100.202210260954/tools/bin/../lib/gcc/arm-none-eabi/10.3.1/../../../../arm-none-eabi/lib/thumb/v7e-m+fp/hard\libc_nano.a
LOAD c:/st/stm32cubeide_1.11.0/stm32cubeide/plugins/com.st.stm32cube.ide.mcu.externaltools.gnu-tools-for-stm32.10.3-2021.10.win32_1.0.100.202210260954/tools/bin/../lib/gcc/arm-none-eabi/10.3.1/../../../../arm-none-eabi/lib/thumb/v7e-m+fp/hard\libnosys.a
END GROUP
START GROUP
LOAD c:/st/stm32cubeide_1.11.0/stm32cubeide/plugins/com.st.stm32cube.ide.mcu.externaltools.gnu-tools-for-stm32.10.3-2021.10.win32_1.0.100.202210260954/tools/bin/../lib/gcc/arm-none-eabi/10.3.1/thumb/v7e-m+fp/hard\libgcc.a
LOAD c:/st/stm32cubeide_1.11.0/stm32cubeide/plugins/com.st.stm32cube.ide.mcu.externaltools.gnu-tools-for-stm32.10.3-2021.10.win32_1.0.100.202210260954/tools/bin/../lib/gcc/arm-none-eabi/10.3.1/../../../../arm-none-eabi/lib/thumb/v7e-m+fp/hard\libc_nano.a
LOAD c:/st/stm32cubeide_1.11.0/stm32cubeide/plugins/com.st.stm32cube.ide.mcu.externaltools.gnu-tools-for-stm32.10.3-2021.10.win32_1.0.100.202210260954/tools/bin/../lib/gcc/arm-none-eabi/10.3.1/../../../../arm-none-eabi/lib/thumb/v7e-m+fp/hard\libnosys.a
END GROUP
LOAD c:/st/stm32cubeide_1.11.0/stm32cubeide/plugins/com.st.stm32cube.ide.mcu.externaltools.gnu-tools-for-stm32.10.3-2021.10.win32_1.0.100.202210260954/tools/bin/../lib/gcc/arm-none-eabi/10.3.1/thumb/v7e-m+fp/hard/crtend.o
LOAD c:/st/stm32cubeide_1.11.0/stm32cubeide/plugins/com.st.stm32cube.ide.mcu.externaltools.gnu-tools-for-stm32.10.3-2021.10.win32_1.0.100.202210260954/tools/bin/../lib/gcc/arm-none-eabi/10.3.1/thumb/v7e-m+fp/hard/crtn.o
                0x0000000020018000                _estack = (ORIGIN (RAM) + LENGTH (RAM))
                0x0000000000000200                _Min_Heap_Size = 0x200
                0x0000000000000400                _Min_Stack_Size = 0x400

.isr_vector     0x0000000008000000      0x194
                0x0000000008000000                . = ALIGN (0x4)
 *(.isr_vector)
 .isr_vector    0x0000000008000000      0x194 ./Core/Startup/startup_stm32f401retx.o
                0x0000000008000000                g_pfnVectors
                0x0000000008000194                . = ALIGN (0x4)

.text           0x0000000008000194     0x2b20
                0x0000000008000194                . = ALIGN (0x4)
 *(.text)
 .text          0x0000000008000194       0x40 c:/st/stm32cubeide_1.11.0/stm32cubeide/plugins/com.st.stm32cube.ide.mcu.externaltools.gnu-tools-for-stm32.10.3-2021.10.win32_1.0.100.202210260954/tools/bin/../lib/gcc/arm-none-eabi/10.3.1/thumb/v7e-m+fp/hard/crtbegin.o
 .text          0x00000000080001d4       0x30 c:/st/stm32cubeide_1.11.0/stm32cubeide/plugins/com.st.stm32cube.ide.mcu.externaltools.gnu-tools-for-stm32.10.3-2021.10.win32_1.0.100.202210260954/tools/bin/../lib/gcc/arm-none-eabi/10.3.1/thumb/v7e-m+fp/hard\libgcc.a(_aeabi_uldivmod.o)
                0x00000000080001d4                __aeabi_uldivmod
 .text          0x0000000008000204      0x2d0 c:/st/stm32cubeide_1.11.0/stm32cubeide/plugins/com.st.stm32cube.ide.mcu.externaltools.gnu-tools-for-stm32.10.3-2021.10.win32_1.0.100.202210260954/tools/bin/../lib/gcc/arm-none-eabi/10.3.1/thumb/v7e-m+fp/hard\libgcc.a(_udivmoddi4.o)
                0x0000000008000204                __udivmoddi4
 .text          0x00000000080004d4        0x4 c:/st/stm32cubeide_1.11.0/stm32cubeide/plugins/com.st.stm32cube.ide.mcu.externaltools.gnu-tools-for-stm32.10.3-2021.10.win32_1.0.100.202210260954/tools/bin/../lib/gcc/arm-none-eabi/10.3.1/thumb/v7e-m+fp/hard\libgcc.a(_dvmd_tls.o)
                0x00000000080004d4                __aeabi_idiv0
                0x00000000080004d4                __aeabi_ldiv0
 *(.text*)
 .text.CANSPI_Initialize
                0x00000000080004d8      0x160 ./Core/Src/CANSPI.o
                0x00000000080004d8                CANSPI_Initialize
 .text.CANSPI_Transmit
                0x0000000008000638       0xf0 ./Core/Src/CANSPI.o
                0x0000000008000638                CANSPI_Transmit
 .text.convertCANid2Reg
                0x0000000008000728       0xaa ./Core/Src/CANSPI.o
 *fill*         0x00000000080007d2        0x2 
 .text.MCP2515_Initialize
                0x00000000080007d4       0x44 ./Core/Src/MCP2515.o
                0x00000000080007d4                MCP2515_Initialize
 .text.MCP2515_SetConfigMode
                0x0000000008000818       0x3c ./Core/Src/MCP2515.o
                0x0000000008000818                MCP2515_SetConfigMode
 .text.MCP2515_SetNormalMode
                0x0000000008000854       0x3c ./Core/Src/MCP2515.o
                0x0000000008000854                MCP2515_SetNormalMode
 .text.MCP2515_ReadByte
                0x0000000008000890       0x44 ./Core/Src/MCP2515.o
                0x0000000008000890                MCP2515_ReadByte
 .text.MCP2515_WriteByte
                0x00000000080008d4       0x48 ./Core/Src/MCP2515.o
                0x00000000080008d4                MCP2515_WriteByte
 .text.MCP2515_WriteByteSequence
                0x000000000800091c       0x54 ./Core/Src/MCP2515.o
                0x000000000800091c                MCP2515_WriteByteSequence
 .text.MCP2515_LoadTxSequence
                0x0000000008000970       0x54 ./Core/Src/MCP2515.o
                0x0000000008000970                MCP2515_LoadTxSequence
 .text.MCP2515_RequestToSend
                0x00000000080009c4       0x34 ./Core/Src/MCP2515.o
                0x00000000080009c4                MCP2515_RequestToSend
 .text.MCP2515_ReadStatus
                0x00000000080009f8       0x38 ./Core/Src/MCP2515.o
                0x00000000080009f8                MCP2515_ReadStatus
 .text.SPI_Tx   0x0000000008000a30       0x24 ./Core/Src/MCP2515.o
 .text.SPI_TxBuffer
                0x0000000008000a54       0x28 ./Core/Src/MCP2515.o
 .text.SPI_Rx   0x0000000008000a7c       0x20 ./Core/Src/MCP2515.o
 .text.MX_GPIO_Init
                0x0000000008000a9c       0xa0 ./Core/Src/gpio.o
                0x0000000008000a9c                MX_GPIO_Init
 .text.MX_I2C1_Init
                0x0000000008000b3c       0x5c ./Core/Src/i2c.o
                0x0000000008000b3c                MX_I2C1_Init
 .text.HAL_I2C_MspInit
                0x0000000008000b98       0x90 ./Core/Src/i2c.o
                0x0000000008000b98                HAL_I2C_MspInit
 .text.main     0x0000000008000c28       0x74 ./Core/Src/main.o
                0x0000000008000c28                main
 .text.SystemClock_Config
                0x0000000008000c9c       0xd4 ./Core/Src/main.o
                0x0000000008000c9c                SystemClock_Config
 .text.Error_Handler
                0x0000000008000d70        0xa ./Core/Src/main.o
                0x0000000008000d70                Error_Handler
 *fill*         0x0000000008000d7a        0x2 
 .text.MX_SPI1_Init
                0x0000000008000d7c       0x6c ./Core/Src/spi.o
                0x0000000008000d7c                MX_SPI1_Init
 .text.HAL_SPI_MspInit
                0x0000000008000de8       0x90 ./Core/Src/spi.o
                0x0000000008000de8                HAL_SPI_MspInit
 .text.HAL_MspInit
                0x0000000008000e78       0x50 ./Core/Src/stm32f4xx_hal_msp.o
                0x0000000008000e78                HAL_MspInit
 .text.NMI_Handler
                0x0000000008000ec8        0x6 ./Core/Src/stm32f4xx_it.o
                0x0000000008000ec8                NMI_Handler
 .text.HardFault_Handler
                0x0000000008000ece        0x6 ./Core/Src/stm32f4xx_it.o
                0x0000000008000ece                HardFault_Handler
 .text.MemManage_Handler
                0x0000000008000ed4        0x6 ./Core/Src/stm32f4xx_it.o
                0x0000000008000ed4                MemManage_Handler
 .text.BusFault_Handler
                0x0000000008000eda        0x6 ./Core/Src/stm32f4xx_it.o
                0x0000000008000eda                BusFault_Handler
 .text.UsageFault_Handler
                0x0000000008000ee0        0x6 ./Core/Src/stm32f4xx_it.o
                0x0000000008000ee0                UsageFault_Handler
 .text.SVC_Handler
                0x0000000008000ee6        0xe ./Core/Src/stm32f4xx_it.o
                0x0000000008000ee6                SVC_Handler
 .text.DebugMon_Handler
                0x0000000008000ef4        0xe ./Core/Src/stm32f4xx_it.o
                0x0000000008000ef4                DebugMon_Handler
 .text.PendSV_Handler
                0x0000000008000f02        0xe ./Core/Src/stm32f4xx_it.o
                0x0000000008000f02                PendSV_Handler
 .text.SysTick_Handler
                0x0000000008000f10        0xc ./Core/Src/stm32f4xx_it.o
                0x0000000008000f10                SysTick_Handler
 .text.SystemInit
                0x0000000008000f1c       0x24 ./Core/Src/system_stm32f4xx.o
                0x0000000008000f1c                SystemInit
 .text.Reset_Handler
                0x0000000008000f40       0x50 ./Core/Startup/startup_stm32f401retx.o
                0x0000000008000f40                Reset_Handler
 .text.Default_Handler
                0x0000000008000f90        0x2 ./Core/Startup/startup_stm32f401retx.o
                0x0000000008000f90                RTC_Alarm_IRQHandler
                0x0000000008000f90                EXTI2_IRQHandler
                0x0000000008000f90                SPI4_IRQHandler
                0x0000000008000f90                TIM1_CC_IRQHandler
                0x0000000008000f90                DMA2_Stream5_IRQHandler
                0x0000000008000f90                DMA1_Stream5_IRQHandler
                0x0000000008000f90                PVD_IRQHandler
                0x0000000008000f90                SDIO_IRQHandler
                0x0000000008000f90                TAMP_STAMP_IRQHandler
                0x0000000008000f90                EXTI3_IRQHandler
                0x0000000008000f90                TIM1_UP_TIM10_IRQHandler
                0x0000000008000f90                I2C3_ER_IRQHandler
                0x0000000008000f90                EXTI0_IRQHandler
                0x0000000008000f90                I2C2_EV_IRQHandler
                0x0000000008000f90                DMA1_Stream2_IRQHandler
                0x0000000008000f90                FPU_IRQHandler
                0x0000000008000f90                DMA2_Stream2_IRQHandler
                0x0000000008000f90                SPI1_IRQHandler
                0x0000000008000f90                TIM1_BRK_TIM9_IRQHandler
                0x0000000008000f90                DMA2_Stream3_IRQHandler
                0x0000000008000f90                USART6_IRQHandler
                0x0000000008000f90                DMA2_Stream0_IRQHandler
                0x0000000008000f90                TIM4_IRQHandler
                0x0000000008000f90                I2C1_EV_IRQHandler
                0x0000000008000f90                DMA1_Stream6_IRQHandler
                0x0000000008000f90                DMA1_Stream1_IRQHandler
                0x0000000008000f90                TIM3_IRQHandler
                0x0000000008000f90                RCC_IRQHandler
                0x0000000008000f90                Default_Handler
                0x0000000008000f90                EXTI15_10_IRQHandler
                0x0000000008000f90                ADC_IRQHandler
                0x0000000008000f90                DMA1_Stream7_IRQHandler
                0x0000000008000f90                TIM5_IRQHandler
                0x0000000008000f90                DMA2_Stream7_IRQHandler
                0x0000000008000f90                I2C3_EV_IRQHandler
                0x0000000008000f90                EXTI9_5_IRQHandler
                0x0000000008000f90                RTC_WKUP_IRQHandler
                0x0000000008000f90                SPI2_IRQHandler
                0x0000000008000f90                DMA1_Stream0_IRQHandler
                0x0000000008000f90                EXTI4_IRQHandler
                0x0000000008000f90                WWDG_IRQHandler
                0x0000000008000f90                TIM2_IRQHandler
                0x0000000008000f90                OTG_FS_WKUP_IRQHandler
                0x0000000008000f90                TIM1_TRG_COM_TIM11_IRQHandler
                0x0000000008000f90                EXTI1_IRQHandler
                0x0000000008000f90                USART2_IRQHandler
                0x0000000008000f90                I2C2_ER_IRQHandler
                0x0000000008000f90                DMA2_Stream1_IRQHandler
                0x0000000008000f90                FLASH_IRQHandler
                0x0000000008000f90                DMA2_Stream4_IRQHandler
                0x0000000008000f90                USART1_IRQHandler
                0x0000000008000f90                OTG_FS_IRQHandler
                0x0000000008000f90                SPI3_IRQHandler
                0x0000000008000f90                DMA1_Stream4_IRQHandler
                0x0000000008000f90                I2C1_ER_IRQHandler
                0x0000000008000f90                DMA2_Stream6_IRQHandler
                0x0000000008000f90                DMA1_Stream3_IRQHandler
 *fill*         0x0000000008000f92        0x2 
 .text.HAL_Init
                0x0000000008000f94       0x44 ./Drivers/STM32F4xx_HAL_Driver/Src/stm32f4xx_hal.o
                0x0000000008000f94                HAL_Init
 .text.HAL_InitTick
                0x0000000008000fd8       0x60 ./Drivers/STM32F4xx_HAL_Driver/Src/stm32f4xx_hal.o
                0x0000000008000fd8                HAL_InitTick
 .text.HAL_IncTick
                0x0000000008001038       0x28 ./Drivers/STM32F4xx_HAL_Driver/Src/stm32f4xx_hal.o
                0x0000000008001038                HAL_IncTick
 .text.HAL_GetTick
                0x0000000008001060       0x18 ./Drivers/STM32F4xx_HAL_Driver/Src/stm32f4xx_hal.o
                0x0000000008001060                HAL_GetTick
 .text.HAL_Delay
                0x0000000008001078       0x48 ./Drivers/STM32F4xx_HAL_Driver/Src/stm32f4xx_hal.o
                0x0000000008001078                HAL_Delay
 .text.__NVIC_SetPriorityGrouping
                0x00000000080010c0       0x48 ./Drivers/STM32F4xx_HAL_Driver/Src/stm32f4xx_hal_cortex.o
 .text.__NVIC_GetPriorityGrouping
                0x0000000008001108       0x1c ./Drivers/STM32F4xx_HAL_Driver/Src/stm32f4xx_hal_cortex.o
 .text.__NVIC_SetPriority
                0x0000000008001124       0x54 ./Drivers/STM32F4xx_HAL_Driver/Src/stm32f4xx_hal_cortex.o
 .text.NVIC_EncodePriority
                0x0000000008001178       0x66 ./Drivers/STM32F4xx_HAL_Driver/Src/stm32f4xx_hal_cortex.o
 *fill*         0x00000000080011de        0x2 
 .text.SysTick_Config
                0x00000000080011e0       0x44 ./Drivers/STM32F4xx_HAL_Driver/Src/stm32f4xx_hal_cortex.o
 .text.HAL_NVIC_SetPriorityGrouping
                0x0000000008001224       0x16 ./Drivers/STM32F4xx_HAL_Driver/Src/stm32f4xx_hal_cortex.o
                0x0000000008001224                HAL_NVIC_SetPriorityGrouping
 .text.HAL_NVIC_SetPriority
                0x000000000800123a       0x38 ./Drivers/STM32F4xx_HAL_Driver/Src/stm32f4xx_hal_cortex.o
                0x000000000800123a                HAL_NVIC_SetPriority
 .text.HAL_SYSTICK_Config
                0x0000000008001272       0x18 ./Drivers/STM32F4xx_HAL_Driver/Src/stm32f4xx_hal_cortex.o
                0x0000000008001272                HAL_SYSTICK_Config
 *fill*         0x000000000800128a        0x2 
 .text.HAL_GPIO_Init
                0x000000000800128c      0x308 ./Drivers/STM32F4xx_HAL_Driver/Src/stm32f4xx_hal_gpio.o
                0x000000000800128c                HAL_GPIO_Init
 .text.HAL_GPIO_WritePin
                0x0000000008001594       0x32 ./Drivers/STM32F4xx_HAL_Driver/Src/stm32f4xx_hal_gpio.o
                0x0000000008001594                HAL_GPIO_WritePin
 *fill*         0x00000000080015c6        0x2 
 .text.HAL_I2C_Init
                0x00000000080015c8      0x288 ./Drivers/STM32F4xx_HAL_Driver/Src/stm32f4xx_hal_i2c.o
                0x00000000080015c8                HAL_I2C_Init
 .text.HAL_RCC_OscConfig
                0x0000000008001850      0x4f0 ./Drivers/STM32F4xx_HAL_Driver/Src/stm32f4xx_hal_rcc.o
                0x0000000008001850                HAL_RCC_OscConfig
 .text.HAL_RCC_ClockConfig
                0x0000000008001d40      0x1cc ./Drivers/STM32F4xx_HAL_Driver/Src/stm32f4xx_hal_rcc.o
                0x0000000008001d40                HAL_RCC_ClockConfig
 .text.HAL_RCC_GetSysClockFreq
                0x0000000008001f0c      0x18c ./Drivers/STM32F4xx_HAL_Driver/Src/stm32f4xx_hal_rcc.o
                0x0000000008001f0c                HAL_RCC_GetSysClockFreq
 .text.HAL_RCC_GetHCLKFreq
                0x0000000008002098       0x18 ./Drivers/STM32F4xx_HAL_Driver/Src/stm32f4xx_hal_rcc.o
                0x0000000008002098                HAL_RCC_GetHCLKFreq
 .text.HAL_RCC_GetPCLK1Freq
                0x00000000080020b0       0x28 ./Drivers/STM32F4xx_HAL_Driver/Src/stm32f4xx_hal_rcc.o
                0x00000000080020b0                HAL_RCC_GetPCLK1Freq
 .text.HAL_SPI_Init
                0x00000000080020d8      0x112 ./Drivers/STM32F4xx_HAL_Driver/Src/stm32f4xx_hal_spi.o
                0x00000000080020d8                HAL_SPI_Init
 .text.HAL_SPI_Transmit
                0x00000000080021ea      0x278 ./Drivers/STM32F4xx_HAL_Driver/Src/stm32f4xx_hal_spi.o
                0x00000000080021ea                HAL_SPI_Transmit
 .text.HAL_SPI_Receive
                0x0000000008002462      0x222 ./Drivers/STM32F4xx_HAL_Driver/Src/stm32f4xx_hal_spi.o
                0x0000000008002462                HAL_SPI_Receive
 .text.HAL_SPI_TransmitReceive
                0x0000000008002684      0x344 ./Drivers/STM32F4xx_HAL_Driver/Src/stm32f4xx_hal_spi.o
                0x0000000008002684                HAL_SPI_TransmitReceive
 .text.HAL_SPI_GetState
                0x00000000080029c8       0x1c ./Drivers/STM32F4xx_HAL_Driver/Src/stm32f4xx_hal_spi.o
                0x00000000080029c8                HAL_SPI_GetState
 .text.SPI_WaitFlagStateUntilTimeout
                0x00000000080029e4      0x110 ./Drivers/STM32F4xx_HAL_Driver/Src/stm32f4xx_hal_spi.o
 .text.SPI_EndRxTransaction
                0x0000000008002af4       0xca ./Drivers/STM32F4xx_HAL_Driver/Src/stm32f4xx_hal_spi.o
 *fill*         0x0000000008002bbe        0x2 
 .text.SPI_EndRxTxTransaction
                0x0000000008002bc0       0x84 ./Drivers/STM32F4xx_HAL_Driver/Src/stm32f4xx_hal_spi.o
 .text.__libc_init_array
                0x0000000008002c44       0x48 c:/st/stm32cubeide_1.11.0/stm32cubeide/plugins/com.st.stm32cube.ide.mcu.externaltools.gnu-tools-for-stm32.10.3-2021.10.win32_1.0.100.202210260954/tools/bin/../lib/gcc/arm-none-eabi/10.3.1/../../../../arm-none-eabi/lib/thumb/v7e-m+fp/hard\libc_nano.a(lib_a-init.o)
                0x0000000008002c44                __libc_init_array
 .text.memset   0x0000000008002c8c       0x10 c:/st/stm32cubeide_1.11.0/stm32cubeide/plugins/com.st.stm32cube.ide.mcu.externaltools.gnu-tools-for-stm32.10.3-2021.10.win32_1.0.100.202210260954/tools/bin/../lib/gcc/arm-none-eabi/10.3.1/../../../../arm-none-eabi/lib/thumb/v7e-m+fp/hard\libc_nano.a(lib_a-memset.o)
                0x0000000008002c8c                memset
 *(.glue_7)
 .glue_7        0x0000000008002c9c        0x0 linker stubs
 *(.glue_7t)
 .glue_7t       0x0000000008002c9c        0x0 linker stubs
 *(.eh_frame)
 .eh_frame      0x0000000008002c9c        0x0 c:/st/stm32cubeide_1.11.0/stm32cubeide/plugins/com.st.stm32cube.ide.mcu.externaltools.gnu-tools-for-stm32.10.3-2021.10.win32_1.0.100.202210260954/tools/bin/../lib/gcc/arm-none-eabi/10.3.1/thumb/v7e-m+fp/hard/crtbegin.o
 *(.init)
 .init          0x0000000008002c9c        0x4 c:/st/stm32cubeide_1.11.0/stm32cubeide/plugins/com.st.stm32cube.ide.mcu.externaltools.gnu-tools-for-stm32.10.3-2021.10.win32_1.0.100.202210260954/tools/bin/../lib/gcc/arm-none-eabi/10.3.1/thumb/v7e-m+fp/hard/crti.o
                0x0000000008002c9c                _init
 .init          0x0000000008002ca0        0x8 c:/st/stm32cubeide_1.11.0/stm32cubeide/plugins/com.st.stm32cube.ide.mcu.externaltools.gnu-tools-for-stm32.10.3-2021.10.win32_1.0.100.202210260954/tools/bin/../lib/gcc/arm-none-eabi/10.3.1/thumb/v7e-m+fp/hard/crtn.o
 *(.fini)
 .fini          0x0000000008002ca8        0x4 c:/st/stm32cubeide_1.11.0/stm32cubeide/plugins/com.st.stm32cube.ide.mcu.externaltools.gnu-tools-for-stm32.10.3-2021.10.win32_1.0.100.202210260954/tools/bin/../lib/gcc/arm-none-eabi/10.3.1/thumb/v7e-m+fp/hard/crti.o
                0x0000000008002ca8                _fini
 .fini          0x0000000008002cac        0x8 c:/st/stm32cubeide_1.11.0/stm32cubeide/plugins/com.st.stm32cube.ide.mcu.externaltools.gnu-tools-for-stm32.10.3-2021.10.win32_1.0.100.202210260954/tools/bin/../lib/gcc/arm-none-eabi/10.3.1/thumb/v7e-m+fp/hard/crtn.o
                0x0000000008002cb4                . = ALIGN (0x4)
                0x0000000008002cb4                _etext = .

.vfp11_veneer   0x0000000008002cb4        0x0
 .vfp11_veneer  0x0000000008002cb4        0x0 linker stubs

.v4_bx          0x0000000008002cb4        0x0
 .v4_bx         0x0000000008002cb4        0x0 linker stubs

.iplt           0x0000000008002cb4        0x0
 .iplt          0x0000000008002cb4        0x0 c:/st/stm32cubeide_1.11.0/stm32cubeide/plugins/com.st.stm32cube.ide.mcu.externaltools.gnu-tools-for-stm32.10.3-2021.10.win32_1.0.100.202210260954/tools/bin/../lib/gcc/arm-none-eabi/10.3.1/thumb/v7e-m+fp/hard/crtbegin.o

.rodata         0x0000000008002cb4       0x18
                0x0000000008002cb4                . = ALIGN (0x4)
 *(.rodata)
 *(.rodata*)
 .rodata.AHBPrescTable
                0x0000000008002cb4       0x10 ./Core/Src/system_stm32f4xx.o
                0x0000000008002cb4                AHBPrescTable
 .rodata.APBPrescTable
                0x0000000008002cc4        0x8 ./Core/Src/system_stm32f4xx.o
                0x0000000008002cc4                APBPrescTable
                0x0000000008002ccc                . = ALIGN (0x4)

.ARM.extab      0x0000000008002ccc        0x0
                0x0000000008002ccc                . = ALIGN (0x4)
 *(.ARM.extab* .gnu.linkonce.armextab.*)
                0x0000000008002ccc                . = ALIGN (0x4)

.ARM            0x0000000008002ccc        0x8
                0x0000000008002ccc                . = ALIGN (0x4)
                0x0000000008002ccc                __exidx_start = .
 *(.ARM.exidx*)
 .ARM.exidx     0x0000000008002ccc        0x8 c:/st/stm32cubeide_1.11.0/stm32cubeide/plugins/com.st.stm32cube.ide.mcu.externaltools.gnu-tools-for-stm32.10.3-2021.10.win32_1.0.100.202210260954/tools/bin/../lib/gcc/arm-none-eabi/10.3.1/thumb/v7e-m+fp/hard\libgcc.a(_udivmoddi4.o)
                0x0000000008002cd4                __exidx_end = .
                0x0000000008002cd4                . = ALIGN (0x4)

.rel.dyn        0x0000000008002cd4        0x0
 .rel.iplt      0x0000000008002cd4        0x0 c:/st/stm32cubeide_1.11.0/stm32cubeide/plugins/com.st.stm32cube.ide.mcu.externaltools.gnu-tools-for-stm32.10.3-2021.10.win32_1.0.100.202210260954/tools/bin/../lib/gcc/arm-none-eabi/10.3.1/thumb/v7e-m+fp/hard/crtbegin.o

.preinit_array  0x0000000008002cd4        0x0
                0x0000000008002cd4                . = ALIGN (0x4)
                0x0000000008002cd4                PROVIDE (__preinit_array_start = .)
 *(.preinit_array*)
                0x0000000008002cd4                PROVIDE (__preinit_array_end = .)
                0x0000000008002cd4                . = ALIGN (0x4)

.init_array     0x0000000008002cd4        0x4
                0x0000000008002cd4                . = ALIGN (0x4)
                0x0000000008002cd4                PROVIDE (__init_array_start = .)
 *(SORT_BY_NAME(.init_array.*))
 *(.init_array*)
 .init_array    0x0000000008002cd4        0x4 c:/st/stm32cubeide_1.11.0/stm32cubeide/plugins/com.st.stm32cube.ide.mcu.externaltools.gnu-tools-for-stm32.10.3-2021.10.win32_1.0.100.202210260954/tools/bin/../lib/gcc/arm-none-eabi/10.3.1/thumb/v7e-m+fp/hard/crtbegin.o
                0x0000000008002cd8                PROVIDE (__init_array_end = .)
                0x0000000008002cd8                . = ALIGN (0x4)

.fini_array     0x0000000008002cd8        0x4
                0x0000000008002cd8                . = ALIGN (0x4)
                [!provide]                        PROVIDE (__fini_array_start = .)
 *(SORT_BY_NAME(.fini_array.*))
 *(.fini_array*)
 .fini_array    0x0000000008002cd8        0x4 c:/st/stm32cubeide_1.11.0/stm32cubeide/plugins/com.st.stm32cube.ide.mcu.externaltools.gnu-tools-for-stm32.10.3-2021.10.win32_1.0.100.202210260954/tools/bin/../lib/gcc/arm-none-eabi/10.3.1/thumb/v7e-m+fp/hard/crtbegin.o
                [!provide]                        PROVIDE (__fini_array_end = .)
                0x0000000008002cdc                . = ALIGN (0x4)
                0x0000000008002cdc                _sidata = LOADADDR (.data)

.data           0x0000000020000000        0xc load address 0x0000000008002cdc
                0x0000000020000000                . = ALIGN (0x4)
                0x0000000020000000                _sdata = .
 *(.data)
 *(.data*)
 .data.SystemCoreClock
                0x0000000020000000        0x4 ./Core/Src/system_stm32f4xx.o
                0x0000000020000000                SystemCoreClock
 .data.uwTickPrio
                0x0000000020000004        0x4 ./Drivers/STM32F4xx_HAL_Driver/Src/stm32f4xx_hal.o
                0x0000000020000004                uwTickPrio
 .data.uwTickFreq
                0x0000000020000008        0x1 ./Drivers/STM32F4xx_HAL_Driver/Src/stm32f4xx_hal.o
                0x0000000020000008                uwTickFreq
 *(.RamFunc)
 *(.RamFunc*)
                0x000000002000000c                . = ALIGN (0x4)
 *fill*         0x0000000020000009        0x3 
                0x000000002000000c                _edata = .

.igot.plt       0x000000002000000c        0x0 load address 0x0000000008002ce8
 .igot.plt      0x000000002000000c        0x0 c:/st/stm32cubeide_1.11.0/stm32cubeide/plugins/com.st.stm32cube.ide.mcu.externaltools.gnu-tools-for-stm32.10.3-2021.10.win32_1.0.100.202210260954/tools/bin/../lib/gcc/arm-none-eabi/10.3.1/thumb/v7e-m+fp/hard/crtbegin.o
                0x000000002000000c                . = ALIGN (0x4)

.bss            0x000000002000000c       0xe8 load address 0x0000000008002ce8
                0x000000002000000c                _sbss = .
                0x000000002000000c                __bss_start__ = _sbss
 *(.bss)
 .bss           0x000000002000000c       0x1c c:/st/stm32cubeide_1.11.0/stm32cubeide/plugins/com.st.stm32cube.ide.mcu.externaltools.gnu-tools-for-stm32.10.3-2021.10.win32_1.0.100.202210260954/tools/bin/../lib/gcc/arm-none-eabi/10.3.1/thumb/v7e-m+fp/hard/crtbegin.o
 *(.bss*)
 .bss.ctrlStatus
                0x0000000020000028        0x4 ./Core/Src/CANSPI.o
                0x0000000020000028                ctrlStatus
 .bss.idReg     0x000000002000002c        0x4 ./Core/Src/CANSPI.o
                0x000000002000002c                idReg
 .bss.hi2c1     0x0000000020000030       0x54 ./Core/Src/i2c.o
                0x0000000020000030                hi2c1
 .bss.txMessage
                0x0000000020000084       0x14 ./Core/Src/main.o
                0x0000000020000084                txMessage
 .bss.hspi1     0x0000000020000098       0x58 ./Core/Src/spi.o
                0x0000000020000098                hspi1
 .bss.uwTick    0x00000000200000f0        0x4 ./Drivers/STM32F4xx_HAL_Driver/Src/stm32f4xx_hal.o
                0x00000000200000f0                uwTick
 *(COMMON)
                0x00000000200000f4                . = ALIGN (0x4)
                0x00000000200000f4                _ebss = .
                0x00000000200000f4                __bss_end__ = _ebss

._user_heap_stack
                0x00000000200000f4      0x604 load address 0x0000000008002ce8
                0x00000000200000f8                . = ALIGN (0x8)
 *fill*         0x00000000200000f4        0x4 
                [!provide]                        PROVIDE (end = .)
                0x00000000200000f8                PROVIDE (_end = .)
                0x00000000200002f8                . = (. + _Min_Heap_Size)
 *fill*         0x00000000200000f8      0x200 
                0x00000000200006f8                . = (. + _Min_Stack_Size)
 *fill*         0x00000000200002f8      0x400 
                0x00000000200006f8                . = ALIGN (0x8)

/DISCARD/
 libc.a(*)
 libm.a(*)
 libgcc.a(*)

.ARM.attributes
                0x0000000000000000       0x30
 *(.ARM.attributes)
 .ARM.attributes
                0x0000000000000000       0x1e c:/st/stm32cubeide_1.11.0/stm32cubeide/plugins/com.st.stm32cube.ide.mcu.externaltools.gnu-tools-for-stm32.10.3-2021.10.win32_1.0.100.202210260954/tools/bin/../lib/gcc/arm-none-eabi/10.3.1/thumb/v7e-m+fp/hard/crti.o
 .ARM.attributes
                0x000000000000001e       0x34 c:/st/stm32cubeide_1.11.0/stm32cubeide/plugins/com.st.stm32cube.ide.mcu.externaltools.gnu-tools-for-stm32.10.3-2021.10.win32_1.0.100.202210260954/tools/bin/../lib/gcc/arm-none-eabi/10.3.1/thumb/v7e-m+fp/hard/crtbegin.o
 .ARM.attributes
                0x0000000000000052       0x34 ./Core/Src/CANSPI.o
 .ARM.attributes
                0x0000000000000086       0x34 ./Core/Src/MCP2515.o
 .ARM.attributes
                0x00000000000000ba       0x34 ./Core/Src/gpio.o
 .ARM.attributes
                0x00000000000000ee       0x34 ./Core/Src/i2c.o
 .ARM.attributes
                0x0000000000000122       0x34 ./Core/Src/main.o
 .ARM.attributes
                0x0000000000000156       0x34 ./Core/Src/spi.o
 .ARM.attributes
                0x000000000000018a       0x34 ./Core/Src/stm32f4xx_hal_msp.o
 .ARM.attributes
                0x00000000000001be       0x34 ./Core/Src/stm32f4xx_it.o
 .ARM.attributes
                0x00000000000001f2       0x34 ./Core/Src/system_stm32f4xx.o
 .ARM.attributes
                0x0000000000000226       0x21 ./Core/Startup/startup_stm32f401retx.o
 .ARM.attributes
                0x0000000000000247       0x34 ./Drivers/STM32F4xx_HAL_Driver/Src/stm32f4xx_hal.o
 .ARM.attributes
                0x000000000000027b       0x34 ./Drivers/STM32F4xx_HAL_Driver/Src/stm32f4xx_hal_cortex.o
 .ARM.attributes
                0x00000000000002af       0x34 ./Drivers/STM32F4xx_HAL_Driver/Src/stm32f4xx_hal_gpio.o
 .ARM.attributes
                0x00000000000002e3       0x34 ./Drivers/STM32F4xx_HAL_Driver/Src/stm32f4xx_hal_i2c.o
 .ARM.attributes
                0x0000000000000317       0x34 ./Drivers/STM32F4xx_HAL_Driver/Src/stm32f4xx_hal_rcc.o
 .ARM.attributes
                0x000000000000034b       0x34 ./Drivers/STM32F4xx_HAL_Driver/Src/stm32f4xx_hal_spi.o
 .ARM.attributes
                0x000000000000037f       0x34 c:/st/stm32cubeide_1.11.0/stm32cubeide/plugins/com.st.stm32cube.ide.mcu.externaltools.gnu-tools-for-stm32.10.3-2021.10.win32_1.0.100.202210260954/tools/bin/../lib/gcc/arm-none-eabi/10.3.1/../../../../arm-none-eabi/lib/thumb/v7e-m+fp/hard\libc_nano.a(lib_a-init.o)
 .ARM.attributes
                0x00000000000003b3       0x34 c:/st/stm32cubeide_1.11.0/stm32cubeide/plugins/com.st.stm32cube.ide.mcu.externaltools.gnu-tools-for-stm32.10.3-2021.10.win32_1.0.100.202210260954/tools/bin/../lib/gcc/arm-none-eabi/10.3.1/../../../../arm-none-eabi/lib/thumb/v7e-m+fp/hard\libc_nano.a(lib_a-memset.o)
 .ARM.attributes
                0x00000000000003e7       0x1e c:/st/stm32cubeide_1.11.0/stm32cubeide/plugins/com.st.stm32cube.ide.mcu.externaltools.gnu-tools-for-stm32.10.3-2021.10.win32_1.0.100.202210260954/tools/bin/../lib/gcc/arm-none-eabi/10.3.1/thumb/v7e-m+fp/hard\libgcc.a(_aeabi_uldivmod.o)
 .ARM.attributes
                0x0000000000000405       0x34 c:/st/stm32cubeide_1.11.0/stm32cubeide/plugins/com.st.stm32cube.ide.mcu.externaltools.gnu-tools-for-stm32.10.3-2021.10.win32_1.0.100.202210260954/tools/bin/../lib/gcc/arm-none-eabi/10.3.1/thumb/v7e-m+fp/hard\libgcc.a(_udivmoddi4.o)
 .ARM.attributes
                0x0000000000000439       0x1e c:/st/stm32cubeide_1.11.0/stm32cubeide/plugins/com.st.stm32cube.ide.mcu.externaltools.gnu-tools-for-stm32.10.3-2021.10.win32_1.0.100.202210260954/tools/bin/../lib/gcc/arm-none-eabi/10.3.1/thumb/v7e-m+fp/hard\libgcc.a(_dvmd_tls.o)
 .ARM.attributes
                0x0000000000000457       0x1e c:/st/stm32cubeide_1.11.0/stm32cubeide/plugins/com.st.stm32cube.ide.mcu.externaltools.gnu-tools-for-stm32.10.3-2021.10.win32_1.0.100.202210260954/tools/bin/../lib/gcc/arm-none-eabi/10.3.1/thumb/v7e-m+fp/hard/crtn.o
OUTPUT(KauriTransmitter.elf elf32-littlearm)
LOAD linker stubs
LOAD c:/st/stm32cubeide_1.11.0/stm32cubeide/plugins/com.st.stm32cube.ide.mcu.externaltools.gnu-tools-for-stm32.10.3-2021.10.win32_1.0.100.202210260954/tools/bin/../lib/gcc/arm-none-eabi/10.3.1/../../../../arm-none-eabi/lib/thumb/v7e-m+fp/hard\libc.a
LOAD c:/st/stm32cubeide_1.11.0/stm32cubeide/plugins/com.st.stm32cube.ide.mcu.externaltools.gnu-tools-for-stm32.10.3-2021.10.win32_1.0.100.202210260954/tools/bin/../lib/gcc/arm-none-eabi/10.3.1/../../../../arm-none-eabi/lib/thumb/v7e-m+fp/hard\libm.a
LOAD c:/st/stm32cubeide_1.11.0/stm32cubeide/plugins/com.st.stm32cube.ide.mcu.externaltools.gnu-tools-for-stm32.10.3-2021.10.win32_1.0.100.202210260954/tools/bin/../lib/gcc/arm-none-eabi/10.3.1/thumb/v7e-m+fp/hard\libgcc.a

.debug_info     0x0000000000000000     0xa425
 .debug_info    0x0000000000000000      0xb52 ./Core/Src/CANSPI.o
 .debug_info    0x0000000000000b52      0xb1e ./Core/Src/MCP2515.o
 .debug_info    0x0000000000001670      0x480 ./Core/Src/gpio.o
 .debug_info    0x0000000000001af0      0xa40 ./Core/Src/i2c.o
 .debug_info    0x0000000000002530      0x67c ./Core/Src/main.o
 .debug_info    0x0000000000002bac      0xa0f ./Core/Src/spi.o
 .debug_info    0x00000000000035bb      0x2d4 ./Core/Src/stm32f4xx_hal_msp.o
 .debug_info    0x000000000000388f      0x121 ./Core/Src/stm32f4xx_it.o
 .debug_info    0x00000000000039b0      0x54f ./Core/Src/system_stm32f4xx.o
 .debug_info    0x0000000000003eff       0x22 ./Core/Startup/startup_stm32f401retx.o
 .debug_info    0x0000000000003f21      0x906 ./Drivers/STM32F4xx_HAL_Driver/Src/stm32f4xx_hal.o
 .debug_info    0x0000000000004827      0xd85 ./Drivers/STM32F4xx_HAL_Driver/Src/stm32f4xx_hal_cortex.o
 .debug_info    0x00000000000055ac      0x78e ./Drivers/STM32F4xx_HAL_Driver/Src/stm32f4xx_hal_gpio.o
 .debug_info    0x0000000000005d3a     0x260f ./Drivers/STM32F4xx_HAL_Driver/Src/stm32f4xx_hal_i2c.o
 .debug_info    0x0000000000008349      0x98c ./Drivers/STM32F4xx_HAL_Driver/Src/stm32f4xx_hal_rcc.o
 .debug_info    0x0000000000008cd5     0x1750 ./Drivers/STM32F4xx_HAL_Driver/Src/stm32f4xx_hal_spi.o

.debug_abbrev   0x0000000000000000     0x1ccd
 .debug_abbrev  0x0000000000000000      0x1ef ./Core/Src/CANSPI.o
 .debug_abbrev  0x00000000000001ef      0x267 ./Core/Src/MCP2515.o
 .debug_abbrev  0x0000000000000456      0x146 ./Core/Src/gpio.o
 .debug_abbrev  0x000000000000059c      0x1e0 ./Core/Src/i2c.o
 .debug_abbrev  0x000000000000077c      0x229 ./Core/Src/main.o
 .debug_abbrev  0x00000000000009a5      0x1e0 ./Core/Src/spi.o
 .debug_abbrev  0x0000000000000b85       0xd4 ./Core/Src/stm32f4xx_hal_msp.o
 .debug_abbrev  0x0000000000000c59       0x74 ./Core/Src/stm32f4xx_it.o
 .debug_abbrev  0x0000000000000ccd      0x116 ./Core/Src/system_stm32f4xx.o
 .debug_abbrev  0x0000000000000de3       0x12 ./Core/Startup/startup_stm32f401retx.o
 .debug_abbrev  0x0000000000000df5      0x23e ./Drivers/STM32F4xx_HAL_Driver/Src/stm32f4xx_hal.o
 .debug_abbrev  0x0000000000001033      0x316 ./Drivers/STM32F4xx_HAL_Driver/Src/stm32f4xx_hal_cortex.o
 .debug_abbrev  0x0000000000001349      0x1c4 ./Drivers/STM32F4xx_HAL_Driver/Src/stm32f4xx_hal_gpio.o
 .debug_abbrev  0x000000000000150d      0x2a8 ./Drivers/STM32F4xx_HAL_Driver/Src/stm32f4xx_hal_i2c.o
 .debug_abbrev  0x00000000000017b5      0x2aa ./Drivers/STM32F4xx_HAL_Driver/Src/stm32f4xx_hal_rcc.o
 .debug_abbrev  0x0000000000001a5f      0x26e ./Drivers/STM32F4xx_HAL_Driver/Src/stm32f4xx_hal_spi.o

.debug_aranges  0x0000000000000000      0x9f8
 .debug_aranges
                0x0000000000000000       0x70 ./Core/Src/CANSPI.o
 .debug_aranges
                0x0000000000000070       0xb0 ./Core/Src/MCP2515.o
 .debug_aranges
                0x0000000000000120       0x20 ./Core/Src/gpio.o
 .debug_aranges
                0x0000000000000140       0x30 ./Core/Src/i2c.o
 .debug_aranges
                0x0000000000000170       0x30 ./Core/Src/main.o
 .debug_aranges
                0x00000000000001a0       0x30 ./Core/Src/spi.o
 .debug_aranges
                0x00000000000001d0       0x20 ./Core/Src/stm32f4xx_hal_msp.o
 .debug_aranges
                0x00000000000001f0       0x60 ./Core/Src/stm32f4xx_it.o
 .debug_aranges
                0x0000000000000250       0x28 ./Core/Src/system_stm32f4xx.o
 .debug_aranges
                0x0000000000000278       0x28 ./Core/Startup/startup_stm32f401retx.o
 .debug_aranges
                0x00000000000002a0       0xf0 ./Drivers/STM32F4xx_HAL_Driver/Src/stm32f4xx_hal.o
 .debug_aranges
                0x0000000000000390      0x118 ./Drivers/STM32F4xx_HAL_Driver/Src/stm32f4xx_hal_cortex.o
 .debug_aranges
                0x00000000000004a8       0x58 ./Drivers/STM32F4xx_HAL_Driver/Src/stm32f4xx_hal_gpio.o
 .debug_aranges
                0x0000000000000500      0x2a0 ./Drivers/STM32F4xx_HAL_Driver/Src/stm32f4xx_hal_i2c.o
 .debug_aranges
                0x00000000000007a0       0x88 ./Drivers/STM32F4xx_HAL_Driver/Src/stm32f4xx_hal_rcc.o
 .debug_aranges
                0x0000000000000828      0x1d0 ./Drivers/STM32F4xx_HAL_Driver/Src/stm32f4xx_hal_spi.o

.debug_ranges   0x0000000000000000      0x918
 .debug_ranges  0x0000000000000000       0x60 ./Core/Src/CANSPI.o
 .debug_ranges  0x0000000000000060       0xa0 ./Core/Src/MCP2515.o
 .debug_ranges  0x0000000000000100       0x10 ./Core/Src/gpio.o
 .debug_ranges  0x0000000000000110       0x20 ./Core/Src/i2c.o
 .debug_ranges  0x0000000000000130       0x20 ./Core/Src/main.o
 .debug_ranges  0x0000000000000150       0x20 ./Core/Src/spi.o
 .debug_ranges  0x0000000000000170       0x10 ./Core/Src/stm32f4xx_hal_msp.o
 .debug_ranges  0x0000000000000180       0x50 ./Core/Src/stm32f4xx_it.o
 .debug_ranges  0x00000000000001d0       0x18 ./Core/Src/system_stm32f4xx.o
 .debug_ranges  0x00000000000001e8       0x20 ./Core/Startup/startup_stm32f401retx.o
 .debug_ranges  0x0000000000000208       0xe0 ./Drivers/STM32F4xx_HAL_Driver/Src/stm32f4xx_hal.o
 .debug_ranges  0x00000000000002e8      0x108 ./Drivers/STM32F4xx_HAL_Driver/Src/stm32f4xx_hal_cortex.o
 .debug_ranges  0x00000000000003f0       0x48 ./Drivers/STM32F4xx_HAL_Driver/Src/stm32f4xx_hal_gpio.o
 .debug_ranges  0x0000000000000438      0x2a8 ./Drivers/STM32F4xx_HAL_Driver/Src/stm32f4xx_hal_i2c.o
 .debug_ranges  0x00000000000006e0       0x78 ./Drivers/STM32F4xx_HAL_Driver/Src/stm32f4xx_hal_rcc.o
 .debug_ranges  0x0000000000000758      0x1c0 ./Drivers/STM32F4xx_HAL_Driver/Src/stm32f4xx_hal_spi.o

.debug_macro    0x0000000000000000    0x15aba
 .debug_macro   0x0000000000000000      0x203 ./Core/Src/CANSPI.o
 .debug_macro   0x0000000000000203      0xa78 ./Core/Src/CANSPI.o
 .debug_macro   0x0000000000000c7b       0x22 ./Core/Src/CANSPI.o
 .debug_macro   0x0000000000000c9d      0x29b ./Core/Src/CANSPI.o
 .debug_macro   0x0000000000000f38       0x2e ./Core/Src/CANSPI.o
 .debug_macro   0x0000000000000f66       0x28 ./Core/Src/CANSPI.o
 .debug_macro   0x0000000000000f8e       0x22 ./Core/Src/CANSPI.o
 .debug_macro   0x0000000000000fb0       0x8e ./Core/Src/CANSPI.o
 .debug_macro   0x000000000000103e       0x51 ./Core/Src/CANSPI.o
 .debug_macro   0x000000000000108f      0x103 ./Core/Src/CANSPI.o
 .debug_macro   0x0000000000001192       0x6a ./Core/Src/CANSPI.o
 .debug_macro   0x00000000000011fc      0x1df ./Core/Src/CANSPI.o
 .debug_macro   0x00000000000013db       0x1c ./Core/Src/CANSPI.o
 .debug_macro   0x00000000000013f7       0x22 ./Core/Src/CANSPI.o
 .debug_macro   0x0000000000001419       0xd9 ./Core/Src/CANSPI.o
 .debug_macro   0x00000000000014f2     0x102d ./Core/Src/CANSPI.o
 .debug_macro   0x000000000000251f      0x11f ./Core/Src/CANSPI.o
 .debug_macro   0x000000000000263e     0xb86c ./Core/Src/CANSPI.o
 .debug_macro   0x000000000000deaa       0x6d ./Core/Src/CANSPI.o
 .debug_macro   0x000000000000df17     0x367e ./Core/Src/CANSPI.o
 .debug_macro   0x0000000000011595      0x174 ./Core/Src/CANSPI.o
 .debug_macro   0x0000000000011709       0x5c ./Core/Src/CANSPI.o
 .debug_macro   0x0000000000011765      0x416 ./Core/Src/CANSPI.o
 .debug_macro   0x0000000000011b7b      0x9fe ./Core/Src/CANSPI.o
 .debug_macro   0x0000000000012579      0x115 ./Core/Src/CANSPI.o
 .debug_macro   0x000000000001268e       0xf8 ./Core/Src/CANSPI.o
 .debug_macro   0x0000000000012786       0xa5 ./Core/Src/CANSPI.o
 .debug_macro   0x000000000001282b      0x15f ./Core/Src/CANSPI.o
 .debug_macro   0x000000000001298a      0x287 ./Core/Src/CANSPI.o
 .debug_macro   0x0000000000012c11       0x5f ./Core/Src/CANSPI.o
 .debug_macro   0x0000000000012c70      0x236 ./Core/Src/CANSPI.o
 .debug_macro   0x0000000000012ea6      0x132 ./Core/Src/CANSPI.o
 .debug_macro   0x0000000000012fd8      0x264 ./Core/Src/CANSPI.o
 .debug_macro   0x000000000001323c       0x2e ./Core/Src/CANSPI.o
 .debug_macro   0x000000000001326a      0x1b5 ./Core/Src/CANSPI.o
 .debug_macro   0x000000000001341f       0x22 ./Core/Src/CANSPI.o
 .debug_macro   0x0000000000013441       0xd6 ./Core/Src/CANSPI.o
 .debug_macro   0x0000000000013517      0x11a ./Core/Src/CANSPI.o
 .debug_macro   0x0000000000013631       0x85 ./Core/Src/CANSPI.o
 .debug_macro   0x00000000000136b6       0x89 ./Core/Src/CANSPI.o
 .debug_macro   0x000000000001373f      0x225 ./Core/Src/CANSPI.o
 .debug_macro   0x0000000000013964      0x126 ./Core/Src/CANSPI.o
 .debug_macro   0x0000000000013a8a       0x10 ./Core/Src/CANSPI.o
 .debug_macro   0x0000000000013a9a       0x10 ./Core/Src/CANSPI.o
 .debug_macro   0x0000000000013aaa      0x1ba ./Core/Src/CANSPI.o
 .debug_macro   0x0000000000013c64      0x21c ./Core/Src/MCP2515.o
 .debug_macro   0x0000000000013e80      0x1b4 ./Core/Src/MCP2515.o
 .debug_macro   0x0000000000014034      0x1ec ./Core/Src/gpio.o
 .debug_macro   0x0000000000014220      0x1ec ./Core/Src/i2c.o
 .debug_macro   0x000000000001440c      0x2ea ./Core/Src/main.o
 .debug_macro   0x00000000000146f6       0x10 ./Core/Src/main.o
 .debug_macro   0x0000000000014706       0x35 ./Core/Src/main.o
 .debug_macro   0x000000000001473b       0x20 ./Core/Src/main.o
 .debug_macro   0x000000000001475b      0x1ec ./Core/Src/spi.o
 .debug_macro   0x0000000000014947      0x1e2 ./Core/Src/stm32f4xx_hal_msp.o
 .debug_macro   0x0000000000014b29      0x1ec ./Core/Src/stm32f4xx_it.o
 .debug_macro   0x0000000000014d15      0x1d3 ./Core/Src/system_stm32f4xx.o
 .debug_macro   0x0000000000014ee8      0x233 ./Drivers/STM32F4xx_HAL_Driver/Src/stm32f4xx_hal.o
 .debug_macro   0x000000000001511b      0x1d3 ./Drivers/STM32F4xx_HAL_Driver/Src/stm32f4xx_hal_cortex.o
 .debug_macro   0x00000000000152ee      0x1d9 ./Drivers/STM32F4xx_HAL_Driver/Src/stm32f4xx_hal_gpio.o
 .debug_macro   0x00000000000154c7      0x21a ./Drivers/STM32F4xx_HAL_Driver/Src/stm32f4xx_hal_i2c.o
 .debug_macro   0x00000000000156e1      0x1f7 ./Drivers/STM32F4xx_HAL_Driver/Src/stm32f4xx_hal_rcc.o
 .debug_macro   0x00000000000158d8      0x1e2 ./Drivers/STM32F4xx_HAL_Driver/Src/stm32f4xx_hal_spi.o

.debug_line     0x0000000000000000     0xcac5
 .debug_line    0x0000000000000000      0x9a7 ./Core/Src/CANSPI.o
 .debug_line    0x00000000000009a7      0x92a ./Core/Src/MCP2515.o
 .debug_line    0x00000000000012d1      0x6d1 ./Core/Src/gpio.o
 .debug_line    0x00000000000019a2      0x72c ./Core/Src/i2c.o
 .debug_line    0x00000000000020ce      0x914 ./Core/Src/main.o
 .debug_line    0x00000000000029e2      0x734 ./Core/Src/spi.o
 .debug_line    0x0000000000003116      0x6c2 ./Core/Src/stm32f4xx_hal_msp.o
 .debug_line    0x00000000000037d8      0x785 ./Core/Src/stm32f4xx_it.o
 .debug_line    0x0000000000003f5d      0x744 ./Core/Src/system_stm32f4xx.o
 .debug_line    0x00000000000046a1       0x88 ./Core/Startup/startup_stm32f401retx.o
 .debug_line    0x0000000000004729      0x9aa ./Drivers/STM32F4xx_HAL_Driver/Src/stm32f4xx_hal.o
 .debug_line    0x00000000000050d3      0xc59 ./Drivers/STM32F4xx_HAL_Driver/Src/stm32f4xx_hal_cortex.o
 .debug_line    0x0000000000005d2c      0xae2 ./Drivers/STM32F4xx_HAL_Driver/Src/stm32f4xx_hal_gpio.o
 .debug_line    0x000000000000680e     0x395f ./Drivers/STM32F4xx_HAL_Driver/Src/stm32f4xx_hal_i2c.o
 .debug_line    0x000000000000a16d      0xd24 ./Drivers/STM32F4xx_HAL_Driver/Src/stm32f4xx_hal_rcc.o
 .debug_line    0x000000000000ae91     0x1c34 ./Drivers/STM32F4xx_HAL_Driver/Src/stm32f4xx_hal_spi.o

.debug_str      0x0000000000000000    0x8661b
 .debug_str     0x0000000000000000    0x8091c ./Core/Src/CANSPI.o
                                      0x80ba1 (size before relaxing)
 .debug_str     0x000000000008091c      0x61f ./Core/Src/MCP2515.o
                                      0x80cb5 (size before relaxing)
 .debug_str     0x0000000000080f3b      0x16e ./Core/Src/gpio.o
                                      0x80084 (size before relaxing)
 .debug_str     0x00000000000810a9      0x2de ./Core/Src/i2c.o
                                      0x805b8 (size before relaxing)
 .debug_str     0x0000000000081387     0x2fd0 ./Core/Src/main.o
                                      0x830f1 (size before relaxing)
 .debug_str     0x0000000000084357       0x4b ./Core/Src/spi.o
                                      0x80510 (size before relaxing)
 .debug_str     0x00000000000843a2       0x2c ./Core/Src/stm32f4xx_hal_msp.o
                                      0x7ffb9 (size before relaxing)
 .debug_str     0x00000000000843ce       0xc9 ./Core/Src/stm32f4xx_it.o
                                      0x7ff2d (size before relaxing)
 .debug_str     0x0000000000084497       0xdb ./Core/Src/system_stm32f4xx.o
                                      0x8003c (size before relaxing)
 .debug_str     0x0000000000084572       0x36 ./Core/Startup/startup_stm32f401retx.o
                                         0x5a (size before relaxing)
 .debug_str     0x00000000000845a8      0x9a4 ./Drivers/STM32F4xx_HAL_Driver/Src/stm32f4xx_hal.o
                                      0x80a5e (size before relaxing)
 .debug_str     0x0000000000084f4c      0x354 ./Drivers/STM32F4xx_HAL_Driver/Src/stm32f4xx_hal_cortex.o
                                      0x8077f (size before relaxing)
 .debug_str     0x00000000000852a0      0x121 ./Drivers/STM32F4xx_HAL_Driver/Src/stm32f4xx_hal_gpio.o
                                      0x801b7 (size before relaxing)
 .debug_str     0x00000000000853c1      0xb14 ./Drivers/STM32F4xx_HAL_Driver/Src/stm32f4xx_hal_i2c.o
                                      0x80ffa (size before relaxing)
 .debug_str     0x0000000000085ed5      0x213 ./Drivers/STM32F4xx_HAL_Driver/Src/stm32f4xx_hal_rcc.o
                                      0x80470 (size before relaxing)
 .debug_str     0x00000000000860e8      0x533 ./Drivers/STM32F4xx_HAL_Driver/Src/stm32f4xx_hal_spi.o
                                      0x808ee (size before relaxing)

.comment        0x0000000000000000       0x50
 .comment       0x0000000000000000       0x50 ./Core/Src/CANSPI.o
                                         0x51 (size before relaxing)
 .comment       0x0000000000000050       0x51 ./Core/Src/MCP2515.o
 .comment       0x0000000000000050       0x51 ./Core/Src/gpio.o
 .comment       0x0000000000000050       0x51 ./Core/Src/i2c.o
 .comment       0x0000000000000050       0x51 ./Core/Src/main.o
 .comment       0x0000000000000050       0x51 ./Core/Src/spi.o
 .comment       0x0000000000000050       0x51 ./Core/Src/stm32f4xx_hal_msp.o
 .comment       0x0000000000000050       0x51 ./Core/Src/stm32f4xx_it.o
 .comment       0x0000000000000050       0x51 ./Core/Src/system_stm32f4xx.o
 .comment       0x0000000000000050       0x51 ./Drivers/STM32F4xx_HAL_Driver/Src/stm32f4xx_hal.o
 .comment       0x0000000000000050       0x51 ./Drivers/STM32F4xx_HAL_Driver/Src/stm32f4xx_hal_cortex.o
 .comment       0x0000000000000050       0x51 ./Drivers/STM32F4xx_HAL_Driver/Src/stm32f4xx_hal_gpio.o
 .comment       0x0000000000000050       0x51 ./Drivers/STM32F4xx_HAL_Driver/Src/stm32f4xx_hal_i2c.o
 .comment       0x0000000000000050       0x51 ./Drivers/STM32F4xx_HAL_Driver/Src/stm32f4xx_hal_rcc.o
 .comment       0x0000000000000050       0x51 ./Drivers/STM32F4xx_HAL_Driver/Src/stm32f4xx_hal_spi.o

.debug_frame    0x0000000000000000     0x27e4
 .debug_frame   0x0000000000000000      0x1a0 ./Core/Src/CANSPI.o
 .debug_frame   0x00000000000001a0      0x2b4 ./Core/Src/MCP2515.o
 .debug_frame   0x0000000000000454       0x34 ./Core/Src/gpio.o
 .debug_frame   0x0000000000000488       0x74 ./Core/Src/i2c.o
 .debug_frame   0x00000000000004fc       0x68 ./Core/Src/main.o
 .debug_frame   0x0000000000000564       0x74 ./Core/Src/spi.o
 .debug_frame   0x00000000000005d8       0x38 ./Core/Src/stm32f4xx_hal_msp.o
 .debug_frame   0x0000000000000610      0x104 ./Core/Src/stm32f4xx_it.o
 .debug_frame   0x0000000000000714       0x58 ./Core/Src/system_stm32f4xx.o
 .debug_frame   0x000000000000076c      0x374 ./Drivers/STM32F4xx_HAL_Driver/Src/stm32f4xx_hal.o
 .debug_frame   0x0000000000000ae0      0x498 ./Drivers/STM32F4xx_HAL_Driver/Src/stm32f4xx_hal_cortex.o
 .debug_frame   0x0000000000000f78      0x14c ./Drivers/STM32F4xx_HAL_Driver/Src/stm32f4xx_hal_gpio.o
 .debug_frame   0x00000000000010c4      0xc5c ./Drivers/STM32F4xx_HAL_Driver/Src/stm32f4xx_hal_i2c.o
 .debug_frame   0x0000000000001d20      0x1f4 ./Drivers/STM32F4xx_HAL_Driver/Src/stm32f4xx_hal_rcc.o
 .debug_frame   0x0000000000001f14      0x824 ./Drivers/STM32F4xx_HAL_Driver/Src/stm32f4xx_hal_spi.o
 .debug_frame   0x0000000000002738       0x2c c:/st/stm32cubeide_1.11.0/stm32cubeide/plugins/com.st.stm32cube.ide.mcu.externaltools.gnu-tools-for-stm32.10.3-2021.10.win32_1.0.100.202210260954/tools/bin/../lib/gcc/arm-none-eabi/10.3.1/../../../../arm-none-eabi/lib/thumb/v7e-m+fp/hard\libc_nano.a(lib_a-init.o)
 .debug_frame   0x0000000000002764       0x20 c:/st/stm32cubeide_1.11.0/stm32cubeide/plugins/com.st.stm32cube.ide.mcu.externaltools.gnu-tools-for-stm32.10.3-2021.10.win32_1.0.100.202210260954/tools/bin/../lib/gcc/arm-none-eabi/10.3.1/../../../../arm-none-eabi/lib/thumb/v7e-m+fp/hard\libc_nano.a(lib_a-memset.o)
 .debug_frame   0x0000000000002784       0x2c c:/st/stm32cubeide_1.11.0/stm32cubeide/plugins/com.st.stm32cube.ide.mcu.externaltools.gnu-tools-for-stm32.10.3-2021.10.win32_1.0.100.202210260954/tools/bin/../lib/gcc/arm-none-eabi/10.3.1/thumb/v7e-m+fp/hard\libgcc.a(_aeabi_uldivmod.o)
 .debug_frame   0x00000000000027b0       0x34 c:/st/stm32cubeide_1.11.0/stm32cubeide/plugins/com.st.stm32cube.ide.mcu.externaltools.gnu-tools-for-stm32.10.3-2021.10.win32_1.0.100.202210260954/tools/bin/../lib/gcc/arm-none-eabi/10.3.1/thumb/v7e-m+fp/hard\libgcc.a(_udivmoddi4.o)
