../Core/Src/lis331dlh_reg.c:49:16:lis331dlh_read_reg	40	static
../Core/Src/lis331dlh_reg.c:70:16:lis331dlh_write_reg	40	static
../Core/Src/lis331dlh_reg.c:93:9:lis331dlh_from_fs2_to_mg	16	static
../Core/Src/lis331dlh_reg.c:98:9:lis331dlh_from_fs4_to_mg	16	static
../Core/Src/lis331dlh_reg.c:103:9:lis331dlh_from_fs8_to_mg	16	static
../Core/Src/lis331dlh_reg.c:129:9:lis331dlh_axis_x_data_set	24	static
../Core/Src/lis331dlh_reg.c:155:9:lis331dlh_axis_x_data_get	24	static
../Core/Src/lis331dlh_reg.c:175:9:lis331dlh_axis_y_data_set	24	static
../Core/Src/lis331dlh_reg.c:201:9:lis331dlh_axis_y_data_get	24	static
../Core/Src/lis331dlh_reg.c:221:9:lis331dlh_axis_z_data_set	24	static
../Core/Src/lis331dlh_reg.c:247:9:lis331dlh_axis_z_data_get	24	static
../Core/Src/lis331dlh_reg.c:267:9:lis331dlh_data_rate_set	24	static
../Core/Src/lis331dlh_reg.c:294:9:lis331dlh_data_rate_get	24	static
../Core/Src/lis331dlh_reg.c:361:9:lis331dlh_reference_mode_set	24	static
../Core/Src/lis331dlh_reg.c:388:9:lis331dlh_reference_mode_get	24	static
../Core/Src/lis331dlh_reg.c:423:9:lis331dlh_full_scale_set	24	static
../Core/Src/lis331dlh_reg.c:450:9:lis331dlh_full_scale_get	24	static
../Core/Src/lis331dlh_reg.c:489:9:lis331dlh_block_data_update_set	24	static
../Core/Src/lis331dlh_reg.c:516:9:lis331dlh_block_data_update_get	24	static
../Core/Src/lis331dlh_reg.c:537:9:lis331dlh_status_reg_get	24	static
../Core/Src/lis331dlh_reg.c:555:9:lis331dlh_flag_data_ready_get	24	static
../Core/Src/lis331dlh_reg.c:588:9:lis331dlh_acceleration_raw_get	32	static
../Core/Src/lis331dlh_reg.c:605:9:lis331dlh_acceleration_raw_get_6_byte	24	static
../Core/Src/lis331dlh_reg.c:635:9:lis331dlh_device_id_get	24	static
../Core/Src/lis331dlh_reg.c:652:9:lis331dlh_boot_set	24	static
../Core/Src/lis331dlh_reg.c:678:9:lis331dlh_boot_get	24	static
../Core/Src/lis331dlh_reg.c:698:9:lis331dlh_self_test_set	24	static
../Core/Src/lis331dlh_reg.c:724:9:lis331dlh_self_test_get	24	static
../Core/Src/lis331dlh_reg.c:763:9:lis331dlh_data_format_set	24	static
../Core/Src/lis331dlh_reg.c:790:9:lis331dlh_data_format_get	24	static
../Core/Src/lis331dlh_reg.c:838:9:lis331dlh_hp_bandwidth_set	24	static
../Core/Src/lis331dlh_reg.c:865:9:lis331dlh_hp_bandwidth_get	24	static
../Core/Src/lis331dlh_reg.c:908:9:lis331dlh_hp_path_set	24	static
../Core/Src/lis331dlh_reg.c:935:9:lis331dlh_hp_path_get	24	static
../Core/Src/lis331dlh_reg.c:998:9:lis331dlh_hp_reset_get	24	static
../Core/Src/lis331dlh_reg.c:1017:9:lis331dlh_hp_reference_value_set	24	static
../Core/Src/lis331dlh_reg.c:1035:9:lis331dlh_hp_reference_value_get	24	static
../Core/Src/lis331dlh_reg.c:1066:9:lis331dlh_spi_mode_set	24	static
../Core/Src/lis331dlh_reg.c:1092:9:lis331dlh_spi_mode_get	24	static
../Core/Src/lis331dlh_reg.c:1140:9:lis331dlh_pin_int1_route_set	24	static
../Core/Src/lis331dlh_reg.c:1167:9:lis331dlh_pin_int1_route_get	24	static
../Core/Src/lis331dlh_reg.c:1211:9:lis331dlh_int1_notification_set	24	static
../Core/Src/lis331dlh_reg.c:1239:9:lis331dlh_int1_notification_get	24	static
../Core/Src/lis331dlh_reg.c:1274:9:lis331dlh_pin_int2_route_set	24	static
../Core/Src/lis331dlh_reg.c:1301:9:lis331dlh_pin_int2_route_get	24	static
../Core/Src/lis331dlh_reg.c:1345:9:lis331dlh_int2_notification_set	24	static
../Core/Src/lis331dlh_reg.c:1373:9:lis331dlh_int2_notification_get	24	static
../Core/Src/lis331dlh_reg.c:1408:9:lis331dlh_pin_mode_set	24	static
../Core/Src/lis331dlh_reg.c:1435:9:lis331dlh_pin_mode_get	24	static
../Core/Src/lis331dlh_reg.c:1470:9:lis331dlh_pin_polarity_set	24	static
../Core/Src/lis331dlh_reg.c:1497:9:lis331dlh_pin_polarity_get	24	static
../Core/Src/lis331dlh_reg.c:1545:9:lis331dlh_int1_on_threshold_conf_set	24	static
../Core/Src/lis331dlh_reg.c:1577:9:lis331dlh_int1_on_threshold_conf_get	24	static
../Core/Src/lis331dlh_reg.c:1603:9:lis331dlh_int1_on_threshold_mode_set	24	static
../Core/Src/lis331dlh_reg.c:1630:9:lis331dlh_int1_on_threshold_mode_get	24	static
../Core/Src/lis331dlh_reg.c:1665:9:lis331dlh_int1_src_get	24	static
../Core/Src/lis331dlh_reg.c:1683:9:lis331dlh_int1_treshold_set	24	static
../Core/Src/lis331dlh_reg.c:1709:9:lis331dlh_int1_treshold_get	24	static
../Core/Src/lis331dlh_reg.c:1729:9:lis331dlh_int1_dur_set	24	static
../Core/Src/lis331dlh_reg.c:1755:9:lis331dlh_int1_dur_get	24	static
../Core/Src/lis331dlh_reg.c:1775:9:lis331dlh_int2_on_threshold_conf_set	24	static
../Core/Src/lis331dlh_reg.c:1807:9:lis331dlh_int2_on_threshold_conf_get	24	static
../Core/Src/lis331dlh_reg.c:1833:9:lis331dlh_int2_on_threshold_mode_set	24	static
../Core/Src/lis331dlh_reg.c:1860:9:lis331dlh_int2_on_threshold_mode_get	24	static
../Core/Src/lis331dlh_reg.c:1895:9:lis331dlh_int2_src_get	24	static
../Core/Src/lis331dlh_reg.c:1913:9:lis331dlh_int2_treshold_set	24	static
../Core/Src/lis331dlh_reg.c:1939:9:lis331dlh_int2_treshold_get	24	static
../Core/Src/lis331dlh_reg.c:1959:9:lis331dlh_int2_dur_set	24	static
../Core/Src/lis331dlh_reg.c:1985:9:lis331dlh_int2_dur_get	24	static
../Core/Src/lis331dlh_reg.c:2018:9:lis331dlh_wkup_to_sleep_set	24	static
../Core/Src/lis331dlh_reg.c:2044:9:lis331dlh_wkup_to_sleep_get	24	static
../Core/Src/lis331dlh_reg.c:2077:9:lis331dlh_int1_6d_mode_set	24	static
../Core/Src/lis331dlh_reg.c:2105:9:lis331dlh_int1_6d_mode_get	24	static
../Core/Src/lis331dlh_reg.c:2144:9:lis331dlh_int1_6d_src_get	24	static
../Core/Src/lis331dlh_reg.c:2162:9:lis331dlh_int1_6d_treshold_set	24	static
../Core/Src/lis331dlh_reg.c:2188:9:lis331dlh_int1_6d_treshold_get	24	static
../Core/Src/lis331dlh_reg.c:2209:9:lis331dlh_int2_6d_mode_set	24	static
../Core/Src/lis331dlh_reg.c:2237:9:lis331dlh_int2_6d_mode_get	24	static
../Core/Src/lis331dlh_reg.c:2276:9:lis331dlh_int2_6d_src_get	24	static
../Core/Src/lis331dlh_reg.c:2294:9:lis331dlh_int2_6d_treshold_set	24	static
../Core/Src/lis331dlh_reg.c:2320:9:lis331dlh_int2_6d_treshold_get	24	static
